

================================================================
== Vivado HLS Report for 'compute_engine_16_t'
================================================================
* Date:           Thu Oct  1 00:10:53 2020

* Version:        2019.1 (Build 2552052 on Fri May 24 15:28:33 MDT 2019)
* Project:        mobilenet_t
* Solution:       solution1
* Product family: zynquplus
* Target device:  xczu9eg-ffvb1156-2-e


================================================================
== Performance Estimates
================================================================
+ Timing (ns): 
    * Summary: 
    +--------+-------+----------+------------+
    |  Clock | Target| Estimated| Uncertainty|
    +--------+-------+----------+------------+
    |ap_clk  |  10.00|     8.196|        1.25|
    +--------+-------+----------+------------+

+ Latency (clock cycles): 
    * Summary: 
    +-----+-----+-----+-----+----------+
    |  Latency  |  Interval | Pipeline |
    | min | max | min | max |   Type   |
    +-----+-----+-----+-----+----------+
    |    0|    0|    1|    1| function |
    +-----+-----+-----+-----+----------+

    + Detail: 
        * Instance: 
        N/A

        * Loop: 
        N/A



================================================================
== Utilization Estimates
================================================================
* Summary: 
+-----------------+---------+-------+--------+--------+-----+
|       Name      | BRAM_18K| DSP48E|   FF   |   LUT  | URAM|
+-----------------+---------+-------+--------+--------+-----+
|DSP              |        -|      -|       -|       -|    -|
|Expression       |        -|      -|       0|    2063|    -|
|FIFO             |        -|      -|       -|       -|    -|
|Instance         |        -|      -|       -|       -|    -|
|Memory           |        -|      -|       -|       -|    -|
|Multiplexer      |        -|      -|       -|       -|    -|
|Register         |        -|      -|       -|       -|    -|
+-----------------+---------+-------+--------+--------+-----+
|Total            |        0|      0|       0|    2063|    0|
+-----------------+---------+-------+--------+--------+-----+
|Available        |     1824|   2520|  548160|  274080|    0|
+-----------------+---------+-------+--------+--------+-----+
|Utilization (%)  |        0|      0|       0|   ~0   |    0|
+-----------------+---------+-------+--------+--------+-----+

+ Detail: 
    * Instance: 
    N/A

    * DSP48E: 
    N/A

    * Memory: 
    N/A

    * FIFO: 
    N/A

    * Expression: 
    +--------------------------+----------+-------+---+----+------------+------------+
    |       Variable Name      | Operation| DSP48E| FF| LUT| Bitwidth P0| Bitwidth P1|
    +--------------------------+----------+-------+---+----+------------+------------+
    |add_ln1192_70_fu_1300_p2  |     +    |      0|  0|  32|          25|          25|
    |add_ln1192_71_fu_1310_p2  |     +    |      0|  0|  33|          26|          26|
    |add_ln1192_72_fu_1320_p2  |     +    |      0|  0|  32|          25|          25|
    |add_ln1192_73_fu_1330_p2  |     +    |      0|  0|  32|          25|          25|
    |add_ln1192_74_fu_1340_p2  |     +    |      0|  0|  33|          26|          26|
    |add_ln1192_75_fu_1350_p2  |     +    |      0|  0|  34|          27|          27|
    |add_ln1192_76_fu_1360_p2  |     +    |      0|  0|  32|          25|          25|
    |add_ln1192_77_fu_1370_p2  |     +    |      0|  0|  32|          25|          25|
    |add_ln1192_78_fu_1380_p2  |     +    |      0|  0|  33|          26|          26|
    |add_ln1192_79_fu_1390_p2  |     +    |      0|  0|  32|          25|          25|
    |add_ln1192_80_fu_1400_p2  |     +    |      0|  0|  32|          25|          25|
    |add_ln1192_81_fu_1410_p2  |     +    |      0|  0|  33|          26|          26|
    |add_ln1192_82_fu_1420_p2  |     +    |      0|  0|  34|          27|          27|
    |add_ln1192_83_fu_1430_p2  |     +    |      0|  0|  34|          27|          27|
    |add_ln1192_fu_1290_p2     |     +    |      0|  0|  32|          25|          25|
    |p_Val2_64_fu_1436_p2      |     +    |      0|  0|  35|          28|          28|
    |p_Val2_66_fu_1508_p2      |     +    |      0|  0|  29|          22|          22|
    |r_V_45_fu_302_p2          |     -    |      0|  0|  24|           1|          17|
    |r_V_46_fu_364_p2          |     -    |      0|  0|  24|           1|          17|
    |r_V_47_fu_426_p2          |     -    |      0|  0|  24|           1|          17|
    |r_V_48_fu_488_p2          |     -    |      0|  0|  24|           1|          17|
    |r_V_49_fu_550_p2          |     -    |      0|  0|  24|           1|          17|
    |r_V_50_fu_612_p2          |     -    |      0|  0|  24|           1|          17|
    |r_V_51_fu_674_p2          |     -    |      0|  0|  24|           1|          17|
    |r_V_52_fu_736_p2          |     -    |      0|  0|  24|           1|          17|
    |r_V_53_fu_798_p2          |     -    |      0|  0|  24|           1|          17|
    |r_V_54_fu_860_p2          |     -    |      0|  0|  24|           1|          17|
    |r_V_55_fu_922_p2          |     -    |      0|  0|  24|           1|          17|
    |r_V_56_fu_984_p2          |     -    |      0|  0|  24|           1|          17|
    |r_V_57_fu_1046_p2         |     -    |      0|  0|  24|           1|          17|
    |r_V_58_fu_1108_p2         |     -    |      0|  0|  24|           1|          17|
    |r_V_59_fu_1170_p2         |     -    |      0|  0|  24|           1|          17|
    |r_V_60_fu_1232_p2         |     -    |      0|  0|  24|           1|          17|
    |and_ln415_fu_1498_p2      |    and   |      0|  0|   2|           1|           1|
    |and_ln781_fu_1588_p2      |    and   |      0|  0|   2|           1|           1|
    |and_ln786_fu_1612_p2      |    and   |      0|  0|   2|           1|           1|
    |carry_6_fu_1528_p2        |    and   |      0|  0|   2|           1|           1|
    |deleted_ones_fu_1582_p2   |    and   |      0|  0|   2|           1|           1|
    |overflow_fu_1606_p2       |    and   |      0|  0|   2|           1|           1|
    |underflow_fu_1630_p2      |    and   |      0|  0|   2|           1|           1|
    |icmp_ln422_1_fu_342_p2    |   icmp   |      0|  0|   8|           2|           2|
    |icmp_ln422_fu_324_p2      |   icmp   |      0|  0|   8|           2|           1|
    |icmp_ln429_1_fu_404_p2    |   icmp   |      0|  0|   8|           2|           2|
    |icmp_ln429_fu_386_p2      |   icmp   |      0|  0|   8|           2|           1|
    |icmp_ln436_1_fu_466_p2    |   icmp   |      0|  0|   8|           2|           2|
    |icmp_ln436_fu_448_p2      |   icmp   |      0|  0|   8|           2|           1|
    |icmp_ln443_1_fu_528_p2    |   icmp   |      0|  0|   8|           2|           2|
    |icmp_ln443_fu_510_p2      |   icmp   |      0|  0|   8|           2|           1|
    |icmp_ln450_1_fu_590_p2    |   icmp   |      0|  0|   8|           2|           2|
    |icmp_ln450_fu_572_p2      |   icmp   |      0|  0|   8|           2|           1|
    |icmp_ln457_1_fu_652_p2    |   icmp   |      0|  0|   8|           2|           2|
    |icmp_ln457_fu_634_p2      |   icmp   |      0|  0|   8|           2|           1|
    |icmp_ln464_1_fu_714_p2    |   icmp   |      0|  0|   8|           2|           2|
    |icmp_ln464_fu_696_p2      |   icmp   |      0|  0|   8|           2|           1|
    |icmp_ln471_1_fu_776_p2    |   icmp   |      0|  0|   8|           2|           2|
    |icmp_ln471_fu_758_p2      |   icmp   |      0|  0|   8|           2|           1|
    |icmp_ln478_1_fu_838_p2    |   icmp   |      0|  0|   8|           2|           2|
    |icmp_ln478_fu_820_p2      |   icmp   |      0|  0|   8|           2|           1|
    |icmp_ln485_1_fu_900_p2    |   icmp   |      0|  0|   8|           2|           2|
    |icmp_ln485_fu_882_p2      |   icmp   |      0|  0|   8|           2|           1|
    |icmp_ln492_1_fu_962_p2    |   icmp   |      0|  0|   8|           2|           2|
    |icmp_ln492_fu_944_p2      |   icmp   |      0|  0|   8|           2|           1|
    |icmp_ln499_1_fu_1024_p2   |   icmp   |      0|  0|   8|           2|           2|
    |icmp_ln499_fu_1006_p2     |   icmp   |      0|  0|   8|           2|           1|
    |icmp_ln506_1_fu_1086_p2   |   icmp   |      0|  0|   8|           2|           2|
    |icmp_ln506_fu_1068_p2     |   icmp   |      0|  0|   8|           2|           1|
    |icmp_ln513_1_fu_1148_p2   |   icmp   |      0|  0|   8|           2|           2|
    |icmp_ln513_fu_1130_p2     |   icmp   |      0|  0|   8|           2|           1|
    |icmp_ln520_1_fu_1210_p2   |   icmp   |      0|  0|   8|           2|           2|
    |icmp_ln520_fu_1192_p2     |   icmp   |      0|  0|   8|           2|           1|
    |icmp_ln527_1_fu_1272_p2   |   icmp   |      0|  0|   8|           2|           2|
    |icmp_ln527_fu_1254_p2     |   icmp   |      0|  0|   8|           2|           1|
    |r_4_fu_1470_p2            |   icmp   |      0|  0|   8|           1|           1|
    |or_ln340_297_fu_1642_p2   |    or    |      0|  0|   2|           1|           1|
    |or_ln340_77_fu_1636_p2    |    or    |      0|  0|   2|           1|           1|
    |or_ln340_fu_1648_p2       |    or    |      0|  0|   2|           1|           1|
    |or_ln416_1_fu_1570_p2     |    or    |      0|  0|   2|           1|           1|
    |or_ln416_fu_1576_p2       |    or    |      0|  0|   2|           1|           1|
    |or_ln785_25_fu_1600_p2    |    or    |      0|  0|   2|           1|           1|
    |or_ln786_fu_1618_p2       |    or    |      0|  0|   2|           1|           1|
    |r_fu_1484_p2              |    or    |      0|  0|   2|           1|           1|
    |ap_return                 |  select  |      0|  0|  22|           1|          22|
    |mul0_V_2_fu_330_p3        |  select  |      0|  0|  23|           1|          23|
    |mul0_V_4_fu_348_p3        |  select  |      0|  0|  24|           1|          24|
    |mul10_V_2_fu_950_p3       |  select  |      0|  0|  23|           1|          23|
    |mul10_V_4_fu_968_p3       |  select  |      0|  0|  24|           1|          24|
    |mul11_V_2_fu_1012_p3      |  select  |      0|  0|  23|           1|          23|
    |mul11_V_4_fu_1030_p3      |  select  |      0|  0|  24|           1|          24|
    |mul12_V_2_fu_1074_p3      |  select  |      0|  0|  23|           1|          23|
    |mul12_V_4_fu_1092_p3      |  select  |      0|  0|  24|           1|          24|
    |mul13_V_2_fu_1136_p3      |  select  |      0|  0|  23|           1|          23|
    |mul13_V_4_fu_1154_p3      |  select  |      0|  0|  24|           1|          24|
    |mul14_V_2_fu_1198_p3      |  select  |      0|  0|  23|           1|          23|
    |mul14_V_4_fu_1216_p3      |  select  |      0|  0|  24|           1|          24|
    |mul15_V_2_fu_1260_p3      |  select  |      0|  0|  23|           1|          23|
    |mul15_V_4_fu_1278_p3      |  select  |      0|  0|  24|           1|          24|
    |mul1_V_2_fu_392_p3        |  select  |      0|  0|  23|           1|          23|
    |mul1_V_4_fu_410_p3        |  select  |      0|  0|  24|           1|          24|
    |mul2_V_2_fu_454_p3        |  select  |      0|  0|  23|           1|          23|
    |mul2_V_4_fu_472_p3        |  select  |      0|  0|  24|           1|          24|
    |mul3_V_2_fu_516_p3        |  select  |      0|  0|  23|           1|          23|
    |mul3_V_4_fu_534_p3        |  select  |      0|  0|  24|           1|          24|
    |mul4_V_2_fu_578_p3        |  select  |      0|  0|  23|           1|          23|
    |mul4_V_4_fu_596_p3        |  select  |      0|  0|  24|           1|          24|
    |mul5_V_2_fu_640_p3        |  select  |      0|  0|  23|           1|          23|
    |mul5_V_4_fu_658_p3        |  select  |      0|  0|  24|           1|          24|
    |mul6_V_2_fu_702_p3        |  select  |      0|  0|  23|           1|          23|
    |mul6_V_4_fu_720_p3        |  select  |      0|  0|  24|           1|          24|
    |mul7_V_2_fu_764_p3        |  select  |      0|  0|  23|           1|          23|
    |mul7_V_4_fu_782_p3        |  select  |      0|  0|  24|           1|          24|
    |mul8_V_2_fu_826_p3        |  select  |      0|  0|  23|           1|          23|
    |mul8_V_4_fu_844_p3        |  select  |      0|  0|  24|           1|          24|
    |mul9_V_2_fu_888_p3        |  select  |      0|  0|  23|           1|          23|
    |mul9_V_4_fu_906_p3        |  select  |      0|  0|  24|           1|          24|
    |select_ln340_fu_1654_p3   |  select  |      0|  0|  22|           1|          21|
    |select_ln388_fu_1662_p3   |  select  |      0|  0|  23|           1|          23|
    |xor_ln416_83_fu_1522_p2   |    xor   |      0|  0|   2|           1|           2|
    |xor_ln416_84_fu_1564_p2   |    xor   |      0|  0|   2|           1|           2|
    |xor_ln779_fu_1558_p2      |    xor   |      0|  0|   2|           1|           2|
    |xor_ln785_33_fu_1594_p2   |    xor   |      0|  0|   2|           1|           1|
    |xor_ln786_24_fu_1450_p2   |    xor   |      0|  0|   2|           1|           2|
    |xor_ln786_fu_1624_p2      |    xor   |      0|  0|   2|           1|           2|
    +--------------------------+----------+-------+---+----+------------+------------+
    |Total                     |          |      0|  0|2063|         572|        1600|
    +--------------------------+----------+-------+---+----+------------+------------+

    * Multiplexer: 
    N/A

    * Register: 
    N/A



================================================================
== Interface
================================================================
* Summary: 
+-----------+-----+-----+------------+---------------------+--------------+
| RTL Ports | Dir | Bits|  Protocol  |    Source Object    |    C Type    |
+-----------+-----+-----+------------+---------------------+--------------+
|ap_ready   | out |    1| ap_ctrl_hs | compute_engine_16_t | return value |
|ap_return  | out |   22| ap_ctrl_hs | compute_engine_16_t | return value |
|w0_V       |  in |    2|   ap_none  |         w0_V        |    scalar    |
|a0_V       |  in |   16|   ap_none  |         a0_V        |    scalar    |
|w1_V       |  in |    2|   ap_none  |         w1_V        |    scalar    |
|a1_V       |  in |   16|   ap_none  |         a1_V        |    scalar    |
|w2_V       |  in |    2|   ap_none  |         w2_V        |    scalar    |
|a2_V       |  in |   16|   ap_none  |         a2_V        |    scalar    |
|w3_V       |  in |    2|   ap_none  |         w3_V        |    scalar    |
|a3_V       |  in |   16|   ap_none  |         a3_V        |    scalar    |
|w4_V       |  in |    2|   ap_none  |         w4_V        |    scalar    |
|a4_V       |  in |   16|   ap_none  |         a4_V        |    scalar    |
|w5_V       |  in |    2|   ap_none  |         w5_V        |    scalar    |
|a5_V       |  in |   16|   ap_none  |         a5_V        |    scalar    |
|w6_V       |  in |    2|   ap_none  |         w6_V        |    scalar    |
|a6_V       |  in |   16|   ap_none  |         a6_V        |    scalar    |
|w7_V       |  in |    2|   ap_none  |         w7_V        |    scalar    |
|a7_V       |  in |   16|   ap_none  |         a7_V        |    scalar    |
|w8_V       |  in |    2|   ap_none  |         w8_V        |    scalar    |
|a8_V       |  in |   16|   ap_none  |         a8_V        |    scalar    |
|w9_V       |  in |    2|   ap_none  |         w9_V        |    scalar    |
|a9_V       |  in |   16|   ap_none  |         a9_V        |    scalar    |
|w10_V      |  in |    2|   ap_none  |        w10_V        |    scalar    |
|a10_V      |  in |   16|   ap_none  |        a10_V        |    scalar    |
|w11_V      |  in |    2|   ap_none  |        w11_V        |    scalar    |
|a11_V      |  in |   16|   ap_none  |        a11_V        |    scalar    |
|w12_V      |  in |    2|   ap_none  |        w12_V        |    scalar    |
|a12_V      |  in |   16|   ap_none  |        a12_V        |    scalar    |
|w13_V      |  in |    2|   ap_none  |        w13_V        |    scalar    |
|a13_V      |  in |   16|   ap_none  |        a13_V        |    scalar    |
|w14_V      |  in |    2|   ap_none  |        w14_V        |    scalar    |
|a14_V      |  in |   16|   ap_none  |        a14_V        |    scalar    |
|w15_V      |  in |    2|   ap_none  |        w15_V        |    scalar    |
|a15_V      |  in |   16|   ap_none  |        a15_V        |    scalar    |
+-----------+-----+-----+------------+---------------------+--------------+

